   1               		.file	"main.c"
   2               	__SP_H__ = 0x3e
   3               	__SP_L__ = 0x3d
   4               	__SREG__ = 0x3f
   5               	__tmp_reg__ = 0
   6               	__zero_reg__ = 1
   7               		.text
   8               	.Ltext0:
   9               		.cfi_sections	.debug_frame
  10               		.section	.text.startup,"ax",@progbits
  11               	.global	main
  13               	main:
  14               	.LFB6:
  15               		.file 1 "main.c"
   1:main.c        **** 
   2:main.c        **** #include "avr/io.h"
   3:main.c        **** #include <util/delay.h>
   4:main.c        **** 
   5:main.c        **** int main ()
   6:main.c        **** {
  16               		.loc 1 6 0
  17               		.cfi_startproc
  18               	/* prologue: function */
  19               	/* frame size = 0 */
  20               	/* stack size = 0 */
  21               	.L__stack_usage = 0
   7:main.c        **** 	unsigned int bright;
   8:main.c        **** 
   9:main.c        **** 	TCCR0 = (1<<WGM00) | (1<<WGM01) | (1<<COM01) | (1<<CS00);
  22               		.loc 1 9 0
  23 0000 89E6      		ldi r24,lo8(105)
  24 0002 83BF      		out 0x33,r24
  10:main.c        **** 	TCCR2 |= 1<<WGM20 | 1<< WGM21 | 1<< COM21 |1 <<CS20;
  25               		.loc 1 10 0
  26 0004 85B5      		in r24,0x25
  27 0006 8966      		ori r24,lo8(105)
  28 0008 85BD      		out 0x25,r24
  11:main.c        **** 	DDRB=0xFF;
  29               		.loc 1 11 0
  30 000a 8FEF      		ldi r24,lo8(-1)
  31 000c 87BB      		out 0x17,r24
  12:main.c        **** 	DDRA=0xFF;
  32               		.loc 1 12 0
  33 000e 8ABB      		out 0x1a,r24
  13:main.c        **** 	PORTA&=~1<<PA0;
  34               		.loc 1 13 0
  35 0010 D898      		cbi 0x1b,0
  14:main.c        **** 	PORTB&=~(1<<PB0);
  36               		.loc 1 14 0
  37 0012 C098      		cbi 0x18,0
  38               	.L2:
  15:main.c        **** 
  16:main.c        **** 		while(1)
  17:main.c        **** 		{
  18:main.c        **** 
  19:main.c        **** 
  20:main.c        **** 			OCR0=255;
  39               		.loc 1 20 0 discriminator 1
  40 0014 8CBF      		out 0x3c,r24
  21:main.c        **** 			OCR2=255;
  41               		.loc 1 21 0 discriminator 1
  42 0016 83BD      		out 0x23,r24
  22:main.c        **** 			PORTA=0xFF;
  43               		.loc 1 22 0 discriminator 1
  44 0018 8BBB      		out 0x1b,r24
  23:main.c        **** 			PORTB=0xFF;
  45               		.loc 1 23 0 discriminator 1
  46 001a 88BB      		out 0x18,r24
  47 001c 00C0      		rjmp .L2
  48               		.cfi_endproc
  49               	.LFE6:
  51               		.text
  52               	.Letext0:
  53               		.file 2 "/usr/lib/avr/include/stdint.h"
DEFINED SYMBOLS
                            *ABS*:0000000000000000 main.c
     /tmp/ccBD6irl.s:2      *ABS*:000000000000003e __SP_H__
     /tmp/ccBD6irl.s:3      *ABS*:000000000000003d __SP_L__
     /tmp/ccBD6irl.s:4      *ABS*:000000000000003f __SREG__
     /tmp/ccBD6irl.s:5      *ABS*:0000000000000000 __tmp_reg__
     /tmp/ccBD6irl.s:6      *ABS*:0000000000000001 __zero_reg__
     /tmp/ccBD6irl.s:13     .text.startup:0000000000000000 main

NO UNDEFINED SYMBOLS
